0001   0000             FNCSET	.equ	$38
0002   0000             DSPCTRL	.equ	$0f
0003   0000             
0004   0000             DATAREG .equ 	$1
0005   0000             CMDREG	.equ	$0
0006   0000             MS_DELAY .equ	$03E8
0007   0000             ;MS_DELAY equ	$0001
0008   0000             
0009   0000             
0010   0000             start:
0011   0000             
0012   0000 31 E0 80    	LD SP,$80E0
0013   0003             
0014   0003 3E 38       	LD A,FNCSET
0015   0005 CD 33 00    	call set
0016   0008             
0017   0008 3E 0F       	LD A,DSPCTRL
0018   000A CD 33 00    	call set
0019   000D             
0020   000D             	
0021   000D 3E 06       	LD A,$06			; Entry Mode Set
0022   000F CD 33 00    	call set
0023   0012             
0024   0012 3E 01       	LD A,$01			; CLEAR DISPLAY
0025   0014 CD 33 00    	call set
0026   0017             
0027   0017             	; Center text
0028   0017 3E 84       	LD A, $84			; 0x80 = Set DD Ram Address + 0x40 for address on second line
0029   0019 CD 33 00    	call set
0030   001C             
0031   001C             
0032   001C 21 60 00    	LD HL,Name
0033   001F CD 39 00    	call print
0034   0022             
0035   0022             	; Go to new line
0036   0022 3E C0       	LD A, $C0			; 0x80 = Set DD Ram Address + 0x40 for address on second line
0037   0024 CD 33 00    	call set
0038   0027             
0039   0027             	; Go to new line
0040   0027 3E C0       	LD A, $C0			; 0x80 = Set DD Ram Address + 0x40 for address on second line
0041   0029 CD 33 00    	call set
0042   002C             
0043   002C 21 53 00    	LD HL,Hello
0044   002F CD 39 00    	call print
0045   0032             
0046   0032 76          END:	halt
0047   0033             
0048   0033             
0049   0033             set:
0050   0033             	
0051   0033 D3 00       	OUT (CMDREG),A
0052   0035 CD 47 00    	call DELAY
0053   0038 C9          	ret
0054   0039             
0055   0039 7E          print:	LD A, (HL)
0056   003A FE 00       	CP 0
0057   003C 28 08       	jr z, fin
0058   003E D3 01       	OUT (DATAREG),A
0059   0040 CD 47 00    	call DELAY
0060   0043 23          	inc HL
0061   0044 18 F3       	jr print
0062   0046             
0063   0046 C9          fin: ret
0064   0047             
0065   0047             
0066   0047             
0067   0047             
0068   0047             
0069   0047             
0070   0047             DELAY:
0071   0047 C5          	push BC
0072   0048 01 E8 03    	LD BC,MS_DELAY
0073   004B 0B          DelayLoop: DEC BC       ; Decrement BC (6 cycles)
0074   004C 78          	LD A, B      ; Load B into A (4 cycles)
0075   004D B1          	OR C         ; OR with C (4 cycles) (Set Zero flag if BC = 0)
0076   004E C2 4B 00    	JP NZ, DelayLoop  ; Jump to DelayLoop if BC is not zero (10 cycles if taken)
0077   0051 C1          	POP BC
0078   0052             	
0079   0052 C9          	ret
0080   0053             
0081   0053             
0082   0053             
0083   0053             
0084   0053 48 65 6C 6C Hello	.db "Hello World!",0
0084   0057 6F 20 57 6F 
0084   005B 72 6C 64 21 
0084   005F 00 
0085   0060             
0086   0060 4E 61 7A 38 Name	.db "Naz80-a",0
0086   0064 30 2D 61 00 
0087   0068             
0088   0068             
0089   0068             	.END
0090   0068             
0091   0068             
0092   0068             
tasm: Number of errors = 0
