---------------------------------------------
OSHONSOFT Z80 ASSEMBLER LISTING
Line   Addr Opcode      Label   Instruction
---------------------------------------------
0001   0000 00          start:	nop
0002   0001 00          	nop
0003   0002 00          	nop
0004   0003 00          	nop
0005   0004 00          	nop
0006   0005 00          	nop
0007   0006 00          	nop
0008   0007 00          	nop
0009   0008 00          	nop
0010   0009 00          	nop
0011   000A 00          	nop
0012   000B 00          	nop
0013   000C 00          	nop
0014   000D 00          	nop
0015   000E 00          	nop
0016   000F 00          	nop
0017   0010 00          	nop
0018   0011 00          	nop
0019   0012 00          	nop
0020   0013 00          	nop
0021   0014 00          	nop
0022   0015 00          	nop
0023   0016 00          	nop
0024   0017 00          	nop
0025   0018 00          	nop
0026   0019 00          	nop
0027   001A 00          	nop
0028   001B 00          	nop
0029   001C 00          	nop
0030   001D 00          	nop
0031   001E 00          	nop
0032   001F 00          	nop
0033   0020 00          	nop
0034   0021 00          	nop
0035   0022 00          	nop
0036   0023 00          	nop
0037   0024 00          	nop
0038   0025 00          	nop
0039   0026 00          	nop
0040   0027 00          	nop
0041   0028 00          	nop
0042   0029 00          	nop
0043   002A 00          	nop
0044   002B 00          	nop
0045   002C 00          	nop
0046   002D 00          	nop
0047   002E 00          	nop
0048   002F 00          	nop
0049   0030 00          	nop
0050   0031 00          	nop
0051   0032 00          	nop
0052   0033 00          	nop
0053   0034 00          	nop
0054   0035 00          	nop
0055   0036 00          	nop
0056   0037 00          	nop
0057   0038 00          	nop
0058   0039 00          	nop
0059   003A 00          	nop
0060   003B 00          	nop
0061   003C 00          	nop
0062   003D 00          	nop
0063   003E 00          	nop
0064   003F 00          	nop
0065   0040 00          	nop
0066   0041 00          	nop
0067   0042 00          	nop
0068   0043 00          	nop
0069   0044 00          	nop
0070   0045 00          	nop
0071   0046 00          	nop
0072   0047 00          	nop
0073   0048 00          	nop
0074   0049 00          	nop
0075   004A 00          	nop
0076   004B 00          	nop
0077   004C 00          	nop
0078   004D 00          	nop
0079   004E 00          	nop
0080   004F 00          	nop
0081   0050 00          	nop
0082   0051 00          	nop
0083   0052 00          	nop
0084   0053 00          	nop
0085   0054 00          	nop
0086   0055 00          	nop
0087   0056 00          	nop
0088   0057 00          	nop
0089   0058 00          	nop
0090   0059 00          	nop
0091   005A 00          	nop
0092   005B 00          	nop
0093   005C 00          	nop
0094   005D 00          	nop
0095   005E 00          	nop
0096   005F 00          	nop
0097   0060 00          	nop
0098   0061 00          	nop
0099   0062 00          	nop
0100   0063 00          	nop
0101   0064 00          	nop
0102   0065 00          	nop
0103   0066 00          	nop
0104   0067 00          	nop
0105   0068 00          	nop
0106   0069 00          	nop
0107   006A 00          	nop
0108   006B 00          	nop
0109   006C 00          	nop
0110   006D 00          	nop
0111   006E 00          	nop
0112   006F 00          	nop
0113   0070 00          	nop
0114   0071 00          	nop
0115   0072 00          	nop
0116   0073 00          	nop
0117   0074 00          	nop
0118   0075 00          	nop
0119   0076 00          	nop
0120   0077 00          	nop
0121   0078 00          	nop
0122   0079 00          	nop
0123   007A 00          	nop
0124   007B 00          	nop
0125   007C 00          	nop
0126   007D 00          	nop
0127   007E 00          	nop
0128   007F 00          	nop
0129   0080 00          	nop
0130   0081 00          	nop
0131   0082 00          	nop
0132   0083 00          	nop
0133   0084 00          	nop
0134   0085 00          	nop
0135   0086 00          	nop
0136   0087 00          	nop
0137   0088 00          	nop
0138   0089 00          	nop
0139   008A 00          	nop
0140   008B 00          	nop
0141   008C 00          	nop
0142   008D 00          	nop
0143   008E 00          	nop
0144   008F 00          	nop
0145   0090 00          	nop
0146   0091 00          	nop
0147   0092 00          	nop
0148   0093 00          	nop
0149   0094 00          	nop
0150   0095 00          	nop
0151   0096 00          	nop
0152   0097 00          	nop
0153   0098 00          	nop
0154   0099 00          	nop
0155   009A 00          	nop
0156   009B 00          	nop
0157   009C 00          	nop
0158   009D 00          	nop
0159   009E 00          	nop
0160   009F 00          	nop
0161   00A0 00          	nop
0162   00A1 00          	nop
0163   00A2 00          	nop
0164   00A3 00          	nop
0165   00A4 00          	nop
0166   00A5 00          	nop
0167   00A6 00          	nop
0168   00A7 00          	nop
0169   00A8 00          	nop
0170   00A9 00          	nop
0171   00AA 00          	nop
0172   00AB 00          	nop
0173   00AC 00          	nop
0174   00AD 00          	nop
0175   00AE 00          	nop
0176   00AF 00          	nop
0177   00B0 00          	nop
0178   00B1 00          	nop
0179   00B2 00          	nop
0180   00B3 00          	nop
0181   00B4 00          	nop
0182   00B5 00          	nop
0183   00B6 00          	nop
0184   00B7 00          	nop
0185   00B8 00          	nop
0186   00B9 00          	nop
0187   00BA 00          	nop
0188   00BB 00          	nop
0189   00BC 00          	nop
0190   00BD 00          	nop
0191   00BE 00          	nop
0192   00BF 00          	nop
0193   00C0 00          	nop
0194   00C1 00          	nop
0195   00C2 00          	nop
0196   00C3 00          	nop
0197   00C4 00          	nop
0198   00C5 00          	nop
0199   00C6 00          	nop
0200   00C7 00          	nop
0201   00C8 00          	nop
0202   00C9 00          	nop
0203   00CA 00          	nop
0204   00CB 00          	nop
0205   00CC 00          	nop
0206   00CD 00          	nop
0207   00CE 00          	nop
0208   00CF 00          	nop
0209   00D0 00          	nop
0210   00D1 00          	nop
0211   00D2 00          	nop
0212   00D3 00          	nop
0213   00D4 00          	nop
0214   00D5 00          	nop
0215   00D6 00          	nop
0216   00D7 00          	nop
0217   00D8 00          	nop
0218   00D9 00          	nop
0219   00DA 00          	nop
0220   00DB 00          	nop
0221   00DC 00          	nop
0222   00DD 00          	nop
0223   00DE 00          	nop
0224   00DF 00          	nop
0225   00E0 00          	nop
0226   00E1 00          	nop
0227   00E2 00          	nop
0228   00E3 00          	nop
0229   00E4 00          	nop
0230   00E5 00          	nop
0231   00E6 00          	nop
0232   00E7 00          	nop
0233   00E8 00          	nop
0234   00E9 00          	nop
0235   00EA 00          	nop
0236   00EB 00          	nop
0237   00EC 00          	nop
0238   00ED 00          	nop
0239   00EE 00          	nop
0240   00EF 00          	nop
0241   00F0 00          	nop
0242   00F1 00          	nop
0243   00F2 00          	nop
0244   00F3 00          	nop
0245   00F4 00          	nop
0246   00F5 00          	nop
0247   00F6 00          	nop
0248   00F7 00          	nop
0249   00F8 00          	nop
0250   00F9 00          	nop
0251   00FA 00          	nop
0252   00FB 00          	nop
0253   00FC 00          	nop
0254   00FD 00          	nop
0255   00FE 00          	nop
0256   00FF 00          	nop
0257   0100 00          	nop
0258   0101 00          	nop
0259   0102 00          	nop
0260   0103 00          	nop
0261   0104 00          	nop
0262   0105 00          	nop
0263   0106 00          	nop
0264   0107 00          	nop
0265   0108 00          	nop
0266   0109 00          	nop
0267   010A 00          	nop
0268   010B 00          	nop
0269   010C 00          	nop
0270   010D 00          	nop
0271   010E 00          	nop
0272   010F 00          	nop
0273   0110 00          	nop
0274   0111 00          	nop
0275   0112 00          	nop
0276   0113 00          	nop
0277   0114 00          	nop
0278   0115 00          	nop
0279   0116 00          	nop
0280   0117 00          	nop
0281   0118 00          	nop
0282   0119 00          	nop
0283   011A 00          	nop
0284   011B 00          	nop
0285   011C 00          	nop
0286   011D 00          	nop
0287   011E 00          	nop
0288   011F 00          	nop
0289   0120 00          	nop
0290   0121 00          	nop
0291   0122 00          	nop
0292   0123 00          	nop
0293   0124 00          	nop
0294   0125 00          	nop
0295   0126 00          	nop
0296   0127 00          	nop
0297   0128 00          	nop
0298   0129 00          	nop
0299   012A 00          	nop
0300   012B 00          	nop
0301   012C 00          	nop
0302   012D 00          	nop
0303   012E 00          	nop
0304   012F 00          	nop
0305   0130 00          	nop
0306   0131 00          	nop
0307   0132 00          	nop
0308   0133 00          	nop
0309   0134 00          	nop
0310   0135 00          	nop
0311   0136 00          	nop
0312   0137 00          	nop
0313   0138 00          	nop
0314   0139 00          	nop
0315   013A 00          	nop
0316   013B 00          	nop
0317   013C 00          	nop
0318   013D 00          	nop
0319   013E 00          	nop
0320   013F 00          	nop
0321   0140 00          	nop
0322   0141 00          	nop
0323   0142 00          	nop
0324   0143 00          	nop
0325   0144 00          	nop
0326   0145 00          	nop
0327   0146 00          	nop
0328   0147 00          	nop
0329   0148 00          	nop
0330   0149 00          	nop
0331   014A 00          	nop
0332   014B 00          	nop
0333   014C 00          	nop
0334   014D 00          	nop
0335   014E 00          	nop
0336   014F 00          	nop
0337   0150 00          	nop
0338   0151 00          	nop
0339   0152 00          	nop
0340   0153 00          	nop
0341   0154 00          	nop
0342   0155 00          	nop
0343   0156 00          	nop
0344   0157 00          	nop
0345   0158 00          	nop
0346   0159 00          	nop
0347   015A 00          	nop
0348   015B 00          	nop
0349   015C 00          	nop
0350   015D 00          	nop
0351   015E 00          	nop
0352   015F 00          	nop
0353   0160 00          	nop
0354   0161 00          	nop
0355   0162 00          	nop
0356   0163 00          	nop
0357   0164 00          	nop
0358   0165 00          	nop
0359   0166 00          	nop
0360   0167 00          	nop
0361   0168 00          	nop
0362   0169 00          	nop
0363   016A 00          	nop
0364   016B 00          	nop
0365   016C 00          	nop
0366   016D 00          	nop
0367   016E 00          	nop
0368   016F 00          	nop
0369   0170 00          	nop
0370   0171 00          	nop
0371   0172 00          	nop
0372   0173 00          	nop
0373   0174 00          	nop
0374   0175 00          	nop
0375   0176 00          	nop
0376   0177 00          	nop
0377   0178 00          	nop
0378   0179 00          	nop
0379   017A 00          	nop
0380   017B 00          	nop
0381   017C 00          	nop
0382   017D 00          	nop
0383   017E 00          	nop
0384   017F 00          	nop
0385   0180 00          	nop
0386   0181 00          	nop
0387   0182 00          	nop
0388   0183 00          	nop
0389   0184 00          	nop
0390   0185 00          	nop
0391   0186 00          	nop
0392   0187 00          	nop
0393   0188 00          	nop
0394   0189 00          	nop
0395   018A 00          	nop
0396   018B 00          	nop
0397   018C 00          	nop
0398   018D 00          	nop
0399   018E 00          	nop
0400   018F 00          	nop
0401   0190 00          	nop
0402   0191 00          	nop
0403   0192 00          	nop
0404   0193 00          	nop
0405   0194 00          	nop
0406   0195 00          	nop
0407   0196 00          	nop
0408   0197 00          	nop
0409   0198 00          	nop
0410   0199 00          	nop
0411   019A 00          	nop
0412   019B 00          	nop
0413   019C 00          	nop
0414   019D 00          	nop
0415   019E 00          	nop
0416   019F 00          	nop
0417   01A0 00          	nop
0418   01A1 00          	nop
0419   01A2 00          	nop
0420   01A3 00          	nop
0421   01A4 00          	nop
0422   01A5 00          	nop
0423   01A6 00          	nop
0424   01A7 00          	nop
0425   01A8 00          	nop
0426   01A9 00          	nop
0427   01AA 00          	nop
0428   01AB 00          	nop
0429   01AC 00          	nop
0430   01AD 00          	nop
0431   01AE 00          	nop
0432   01AF 00          	nop
0433   01B0 00          	nop
0434   01B1 00          	nop
0435   01B2 00          	nop
0436   01B3 00          	nop
0437   01B4 00          	nop
0438   01B5 00          	nop
0439   01B6 00          	nop
0440   01B7 00          	nop
0441   01B8 00          	nop
0442   01B9 00          	nop
0443   01BA 00          	nop
0444   01BB 00          	nop
0445   01BC 00          	nop
0446   01BD 00          	nop
0447   01BE 00          	nop
0448   01BF 00          	nop
0449   01C0 00          	nop
0450   01C1 00          	nop
0451   01C2 00          	nop
0452   01C3 00          	nop
0453   01C4 00          	nop
0454   01C5 00          	nop
0455   01C6 00          	nop
0456   01C7 00          	nop
0457   01C8 00          	nop
0458   01C9 00          	nop
0459   01CA 00          	nop
0460   01CB 00          	nop
0461   01CC 00          	nop
0462   01CD 00          	nop
0463   01CE 00          	nop
0464   01CF 00          	nop
0465   01D0 00          	nop
0466   01D1 00          	nop
0467   01D2 00          	nop
0468   01D3 00          	nop
0469   01D4 00          	nop
0470   01D5 00          	nop
0471   01D6 00          	nop
0472   01D7 00          	nop
0473   01D8 00          	nop
0474   01D9 00          	nop
0475   01DA 00          	nop
0476   01DB 00          	nop
0477   01DC 00          	nop
0478   01DD 00          	nop
0479   01DE 00          	nop
0480   01DF 00          	nop
0481   01E0 00          	nop
0482   01E1 00          	nop
0483   01E2 00          	nop
0484   01E3 00          	nop
0485   01E4 00          	nop
0486   01E5 00          	nop
0487   01E6 00          	nop
0488   01E7 00          	nop
0489   01E8 00          	nop
0490   01E9 00          	nop
0491   01EA 00          	nop
0492   01EB 00          	nop
0493   01EC 00          	nop
0494   01ED 00          	nop
0495   01EE 00          	nop
0496   01EF 00          	nop
0497   01F0 00          	nop
0498   01F1 00          	nop
0499   01F2 00          	nop
0500   01F3 00          	nop
0501   01F4 00          	nop
0502   01F5 00          	nop
0503   01F6 00          	nop
0504   01F7 00          	nop
0505   01F8 00          	nop
0506   01F9 00          	nop
0507   01FA 00          	nop
0508   01FB 00          	nop
0509   01FC 00          	nop
0510   01FD 00          	nop
0511   01FE 00          	nop
0512   01FF 00          	nop
0513   0200 00          	nop
0514   0201 00          	nop
0515   0202 00          	nop
0516   0203 00          	nop
0517   0204 00          	nop
0518   0205 00          	nop
0519   0206 00          	nop
0520   0207 00          	nop
0521   0208 00          	nop
0522   0209 00          	nop
0523   020A 00          	nop
0524   020B 00          	nop
0525   020C 00          	nop
0526   020D 00          	nop
0527   020E 00          	nop
0528   020F 00          	nop
0529   0210 00          	nop
0530   0211 00          	nop
0531   0212 00          	nop
0532   0213 00          	nop
0533   0214 00          	nop
0534   0215 00          	nop
0535   0216 00          	nop
0536   0217 00          	nop
0537   0218 00          	nop
0538   0219 00          	nop
0539   021A 00          	nop
0540   021B 00          	nop
0541   021C 00          	nop
0542   021D 00          	nop
0543   021E 00          	nop
0544   021F 00          	nop
0545   0220 00          	nop
0546   0221 00          	nop
0547   0222 00          	nop
0548   0223 00          	nop
0549   0224 00          	nop
0550   0225 00          	nop
0551   0226 00          	nop
0552   0227 00          	nop
0553   0228 00          	nop
0554   0229 00          	nop
0555   022A 00          	nop
0556   022B 00          	nop
0557   022C 00          	nop
0558   022D 00          	nop
0559   022E 00          	nop
0560   022F 00          	nop
0561   0230 00          	nop
0562   0231 00          	nop
0563   0232 00          	nop
0564   0233 00          	nop
0565   0234 00          	nop
0566   0235 00          	nop
0567   0236 00          	nop
0568   0237 00          	nop
0569   0238 00          	nop
0570   0239 00          	nop
0571   023A 00          	nop
0572   023B 00          	nop
0573   023C 00          	nop
0574   023D 00          	nop
0575   023E 00          	nop
0576   023F 00          	nop
0577   0240 00          	nop
0578   0241 00          	nop
0579   0242 00          	nop
0580   0243 00          	nop
0581   0244 00          	nop
0582   0245 00          	nop
0583   0246 00          	nop
0584   0247 00          	nop
0585   0248 00          	nop
0586   0249 00          	nop
0587   024A 00          	nop
0588   024B 00          	nop
0589   024C 00          	nop
0590   024D 00          	nop
0591   024E 00          	nop
0592   024F 00          	nop
0593   0250 00          	nop
0594   0251 00          	nop
0595   0252 00          	nop
0596   0253 00          	nop
0597   0254 00          	nop
0598   0255 00          	nop
0599   0256 00          	nop
0600   0257 00          	nop
0601   0258 00          	nop
0602   0259 00          	nop
0603   025A 00          	nop
0604   025B 00          	nop
0605   025C 00          	nop
0606   025D 00          	nop
0607   025E 00          	nop
0608   025F 00          	nop
0609   0260 00          	nop
0610   0261 00          	nop
0611   0262 00          	nop
0612   0263 00          	nop
0613   0264 00          	nop
0614   0265 00          	nop
0615   0266 00          	nop
0616   0267 00          	nop
0617   0268 00          	nop
0618   0269 00          	nop
0619   026A 00          	nop
0620   026B 00          	nop
0621   026C 00          	nop
0622   026D 00          	nop
0623   026E 00          	nop
0624   026F 00          	nop
0625   0270 00          	nop
0626   0271 00          	nop
0627   0272 00          	nop
0628   0273 00          	nop
0629   0274 00          	nop
0630   0275 00          	nop
0631   0276 00          	nop
0632   0277 00          	nop
0633   0278 00          	nop
0634   0279 00          	nop
0635   027A 00          	nop
0636   027B 00          	nop
0637   027C 00          	nop
0638   027D 00          	nop
0639   027E 00          	nop
0640   027F 00          	nop
0641   0280 00          	nop
0642   0281 00          	nop
0643   0282 00          	nop
0644   0283 00          	nop
0645   0284 00          	nop
0646   0285 00          	nop
0647   0286 00          	nop
0648   0287 00          	nop
0649   0288 00          	nop
0650   0289 00          	nop
0651   028A 00          	nop
0652   028B 00          	nop
0653   028C 00          	nop
0654   028D 00          	nop
0655   028E 00          	nop
0656   028F 00          	nop
0657   0290 00          	nop
0658   0291 00          	nop
0659   0292 00          	nop
0660   0293 00          	nop
0661   0294 00          	nop
0662   0295 00          	nop
0663   0296 00          	nop
0664   0297 00          	nop
0665   0298 00          	nop
0666   0299 00          	nop
0667   029A 00          	nop
0668   029B 00          	nop
0669   029C 00          	nop
0670   029D 00          	nop
0671   029E 00          	nop
0672   029F 00          	nop
0673   02A0 00          	nop
0674   02A1 00          	nop
0675   02A2 00          	nop
0676   02A3 00          	nop
0677   02A4 00          	nop
0678   02A5 00          	nop
0679   02A6 00          	nop
0680   02A7 00          	nop
0681   02A8 00          	nop
0682   02A9 00          	nop
0683   02AA 00          	nop
0684   02AB 00          	nop
0685   02AC 00          	nop
0686   02AD 00          	nop
0687   02AE 00          	nop
0688   02AF 00          	nop
0689   02B0 00          	nop
0690   02B1 00          	nop
0691   02B2 00          	nop
0692   02B3 00          	nop
0693   02B4 00          	nop
0694   02B5 00          	nop
0695   02B6 00          	nop
0696   02B7 00          	nop
0697   02B8 00          	nop
0698   02B9 00          	nop
0699   02BA 00          	nop
0700   02BB 00          	nop
0701   02BC 00          	nop
0702   02BD 00          	nop
0703   02BE 00          	nop
0704   02BF 00          	nop
0705   02C0 00          	nop
0706   02C1 00          	nop
0707   02C2 00          	nop
0708   02C3 00          	nop
0709   02C4 00          	nop
0710   02C5 00          	nop
0711   02C6 00          	nop
0712   02C7 00          	nop
0713   02C8 00          	nop
0714   02C9 00          	nop
0715   02CA 00          	nop
0716   02CB 00          	nop
0717   02CC 00          	nop
0718   02CD 00          	nop
0719   02CE 00          	nop
0720   02CF 00          	nop
0721   02D0 00          	nop
0722   02D1 00          	nop
0723   02D2 00          	nop
0724   02D3 00          	nop
0725   02D4 00          	nop
0726   02D5 00          	nop
0727   02D6 00          	nop
0728   02D7 00          	nop
0729   02D8 00          	nop
0730   02D9 00          	nop
0731   02DA 00          	nop
0732   02DB 00          	nop
0733   02DC 00          	nop
0734   02DD 00          	nop
0735   02DE 00          	nop
0736   02DF 00          	nop
0737   02E0 00          	nop
0738   02E1 00          	nop
0739   02E2 00          	nop
0740   02E3 00          	nop
0741   02E4 00          	nop
0742   02E5 00          	nop
0743   02E6 00          	nop
0744   02E7 00          	nop
0745   02E8 00          	nop
0746   02E9 00          	nop
0747   02EA 00          	nop
0748   02EB 00          	nop
0749   02EC 00          	nop
0750   02ED 00          	nop
0751   02EE 00          	nop
0752   02EF 00          	nop
0753   02F0 00          	nop
0754   02F1 00          	nop
0755   02F2 00          	nop
0756   02F3 00          	nop
0757   02F4 00          	nop
0758   02F5 00          	nop
0759   02F6 00          	nop
0760   02F7 00          	nop
0761   02F8 00          	nop
0762   02F9 00          	nop
0763   02FA 00          	nop
0764   02FB 00          	nop
0765   02FC 00          	nop
0766   02FD 00          	nop
0767   02FE 00          	nop
0768   02FF 00          	nop
0769   0300 00          	nop
0770   0301 00          	nop
0771   0302 00          	nop
0772   0303 00          	nop
0773   0304 00          	nop
0774   0305 00          	nop
0775   0306 00          	nop
0776   0307 00          	nop
0777   0308 00          	nop
0778   0309 00          	nop
0779   030A 00          	nop
0780   030B 00          	nop
0781   030C 00          	nop
0782   030D 00          	nop
0783   030E 00          	nop
0784   030F 00          	nop
0785   0310 00          	nop
0786   0311 00          	nop
0787   0312 00          	nop
0788   0313 00          	nop
0789   0314 00          	nop
0790   0315 00          	nop
0791   0316 00          	nop
0792   0317 00          	nop
0793   0318 00          	nop
0794   0319 00          	nop
0795   031A 00          	nop
0796   031B 00          	nop
0797   031C 00          	nop
0798   031D 00          	nop
0799   031E 00          	nop
0800   031F 00          	nop
0801   0320 00          	nop
0802   0321 00          	nop
0803   0322 00          	nop
0804   0323 00          	nop
0805   0324 00          	nop
0806   0325 00          	nop
0807   0326 00          	nop
0808   0327 00          	nop
0809   0328 00          	nop
0810   0329 00          	nop
0811   032A 00          	nop
0812   032B 00          	nop
0813   032C 00          	nop
0814   032D 00          	nop
0815   032E 00          	nop
0816   032F 00          	nop
0817   0330 00          	nop
0818   0331 00          	nop
0819   0332 00          	nop
0820   0333 00          	nop
0821   0334 00          	nop
0822   0335 00          	nop
0823   0336 00          	nop
0824   0337 00          	nop
0825   0338 00          	nop
0826   0339 00          	nop
0827   033A 00          	nop
0828   033B 00          	nop
0829   033C 00          	nop
0830   033D 00          	nop
0831   033E 00          	nop
0832   033F 00          	nop
0833   0340 00          	nop
0834   0341 00          	nop
0835   0342 00          	nop
0836   0343 00          	nop
0837   0344 00          	nop
0838   0345 00          	nop
0839   0346 00          	nop
0840   0347 00          	nop
0841   0348 00          	nop
0842   0349 00          	nop
0843   034A 00          	nop
0844   034B 00          	nop
0845   034C 00          	nop
0846   034D 00          	nop
0847   034E 00          	nop
0848   034F 00          	nop
0849   0350 00          	nop
0850   0351 00          	nop
0851   0352 00          	nop
0852   0353 00          	nop
0853   0354 00          	nop
0854   0355 00          	nop
0855   0356 00          	nop
0856   0357 00          	nop
0857   0358 00          	nop
0858   0359 00          	nop
0859   035A 00          	nop
0860   035B 00          	nop
0861   035C 00          	nop
0862   035D 00          	nop
0863   035E 00          	nop
0864   035F 00          	nop
0865   0360 00          	nop
0866   0361 00          	nop
0867   0362 00          	nop
0868   0363 00          	nop
0869   0364 00          	nop
0870   0365 00          	nop
0871   0366 00          	nop
0872   0367 00          	nop
0873   0368 00          	nop
0874   0369 00          	nop
0875   036A 00          	nop
0876   036B 00          	nop
0877   036C 00          	nop
0878   036D 00          	nop
0879   036E 00          	nop
0880   036F 00          	nop
0881   0370 00          	nop
0882   0371 00          	nop
0883   0372 00          	nop
0884   0373 00          	nop
0885   0374 00          	nop
0886   0375 00          	nop
0887   0376 00          	nop
0888   0377 00          	nop
0889   0378 00          	nop
0890   0379 00          	nop
0891   037A 00          	nop
0892   037B 00          	nop
0893   037C 00          	nop
0894   037D 00          	nop
0895   037E 00          	nop
0896   037F 00          	nop
0897   0380 00          	nop
0898   0381 00          	nop
0899   0382 00          	nop
0900   0383 00          	nop
0901   0384 00          	nop
0902   0385 00          	nop
0903   0386 00          	nop
0904   0387 00          	nop
0905   0388 00          	nop
0906   0389 00          	nop
0907   038A 00          	nop
0908   038B 00          	nop
0909   038C 00          	nop
0910   038D 00          	nop
0911   038E 00          	nop
0912   038F 00          	nop
0913   0390 00          	nop
0914   0391 00          	nop
0915   0392 00          	nop
0916   0393 00          	nop
0917   0394 00          	nop
0918   0395 00          	nop
0919   0396 00          	nop
0920   0397 00          	nop
0921   0398 00          	nop
0922   0399 00          	nop
0923   039A 00          	nop
0924   039B 00          	nop
0925   039C 00          	nop
0926   039D 00          	nop
0927   039E 00          	nop
0928   039F 00          	nop
0929   03A0 00          	nop
0930   03A1 00          	nop
0931   03A2 00          	nop
0932   03A3 00          	nop
0933   03A4 00          	nop
0934   03A5 00          	nop
0935   03A6 00          	nop
0936   03A7 00          	nop
0937   03A8 00          	nop
0938   03A9 00          	nop
0939   03AA 00          	nop
0940   03AB 00          	nop
0941   03AC 00          	nop
0942   03AD 00          	nop
0943   03AE 00          	nop
0944   03AF 00          	nop
0945   03B0 00          	nop
0946   03B1 00          	nop
0947   03B2 00          	nop
0948   03B3 00          	nop
0949   03B4 00          	nop
0950   03B5 00          	nop
0951   03B6 00          	nop
0952   03B7 00          	nop
0953   03B8 00          	nop
0954   03B9 00          	nop
0955   03BA 00          	nop
0956   03BB 00          	nop
0957   03BC 00          	nop
0958   03BD 00          	nop
0959   03BE 00          	nop
0960   03BF 00          	nop
0961   03C0 00          	nop
0962   03C1 00          	nop
0963   03C2 00          	nop
0964   03C3 00          	nop
0965   03C4 00          	nop
0966   03C5 00          	nop
0967   03C6 00          	nop
0968   03C7 00          	nop
0969   03C8 00          	nop
0970   03C9 00          	nop
0971   03CA 00          	nop
0972   03CB 00          	nop
0973   03CC 00          	nop
0974   03CD 00          	nop
0975   03CE 00          	nop
0976   03CF 00          	nop
0977   03D0 00          	nop
0978   03D1 00          	nop
0979   03D2 00          	nop
0980   03D3 00          	nop
0981   03D4 00          	nop
0982   03D5 00          	nop
0983   03D6 00          	nop
0984   03D7 00          	nop
0985   03D8 00          	nop
0986   03D9 00          	nop
0987   03DA 00          	nop
0988   03DB 00          	nop
0989   03DC 00          	nop
0990   03DD 00          	nop
0991   03DE 00          	nop
0992   03DF 00          	nop
0993   03E0 00          	nop
0994   03E1 00          	nop
0995   03E2 00          	nop
0996   03E3 00          	nop
0997   03E4 00          	nop
0998   03E5 00          	nop
0999   03E6 00          	nop
1000   03E7 00          	nop
1001   03E8 00          	nop
1002   03E9 00          	nop
1003   03EA 00          	nop
1004   03EB 00          	nop
1005   03EC 00          	nop
1006   03ED 00          	nop
1007   03EE 00          	nop
1008   03EF 00          	nop
1009   03F0 00          	nop
1010   03F1 00          	nop
1011   03F2 00          	nop
1012   03F3 00          	nop
1013   03F4 00          	nop
1014   03F5 00          	nop
1015   03F6 00          	nop
1016   03F7 00          	nop
1017   03F8 00          	nop
1018   03F9 00          	nop
1019   03FA 00          	nop
1020   03FB 00          	nop
1021   03FC 00          	nop
1022   03FD 00          	nop
1023   03FE 00          	nop
1024   03FF 00          	nop
1025   0400 00          	nop
1026   0401 00          	nop
1027   0402 00          	nop
1028   0403 00          	nop
1029   0404 00          	nop
1030   0405 00          	nop
1031   0406 00          	nop
1032   0407 00          	nop
1033   0408 00          	nop
1034   0409 00          	nop
1035   040A 00          	nop
1036   040B 00          	nop
1037   040C 00          	nop
1038   040D 00          	nop
1039   040E 00          	nop
1040   040F 00          	nop
1041   0410 00          	nop
1042   0411 00          	nop
1043   0412 00          	nop
1044   0413 00          	nop
1045   0414 00          	nop
1046   0415 00          	nop
1047   0416 00          	nop
1048   0417 00          	nop
1049   0418 00          	nop
1050   0419 00          	nop
1051   041A 00          	nop
1052   041B 00          	nop
1053   041C 00          	nop
1054   041D 00          	nop
1055   041E 00          	nop
1056   041F 00          	nop
1057   0420 00          	nop
1058   0421 00          	nop
1059   0422 00          	nop
1060   0423 00          	nop
1061   0424 00          	nop
1062   0425 00          	nop
1063   0426 00          	nop
1064   0427 00          	nop
1065   0428 00          	nop
1066   0429 00          	nop
1067   042A 00          	nop
1068   042B 00          	nop
1069   042C 00          	nop
1070   042D 00          	nop
1071   042E 00          	nop
1072   042F 00          	nop
1073   0430 00          	nop
1074   0431 00          	nop
1075   0432 00          	nop
1076   0433 00          	nop
1077   0434 00          	nop
1078   0435 00          	nop
1079   0436 00          	nop
1080   0437 00          	nop
1081   0438 00          	nop
1082   0439 00          	nop
1083   043A 00          	nop
1084   043B 00          	nop
1085   043C 00          	nop
1086   043D 00          	nop
1087   043E 00          	nop
1088   043F 00          	nop
1089   0440 00          	nop
1090   0441 00          	nop
1091   0442 00          	nop
1092   0443 00          	nop
1093   0444 00          	nop
1094   0445 00          	nop
1095   0446 00          	nop
1096   0447 00          	nop
1097   0448 00          	nop
1098   0449 00          	nop
1099   044A 00          	nop
1100   044B 00          	nop
1101   044C 00          	nop
1102   044D 00          	nop
1103   044E 00          	nop
1104   044F 00          	nop
1105   0450 00          	nop
1106   0451 00          	nop
1107   0452 00          	nop
1108   0453 00          	nop
1109   0454 00          	nop
1110   0455 00          	nop
1111   0456 00          	nop
1112   0457 00          	nop
1113   0458 00          	nop
1114   0459 00          	nop
1115   045A 00          	nop
1116   045B 00          	nop
1117   045C 00          	nop
1118   045D 00          	nop
1119   045E 00          	nop
1120   045F 00          	nop
1121   0460 00          	nop
1122   0461 00          	nop
1123   0462 00          	nop
1124   0463 00          	nop
1125   0464 00          	nop
1126   0465 00          	nop
1127   0466 00          	nop
1128   0467 00          	nop
1129   0468 00          	nop
1130   0469 00          	nop
1131   046A 00          	nop
1132   046B 00          	nop
1133   046C 00          	nop
1134   046D 00          	nop
1135   046E 00          	nop
1136   046F 00          	nop
1137   0470 00          	nop
1138   0471 00          	nop
1139   0472 00          	nop
1140   0473 00          	nop
1141   0474 00          	nop
1142   0475 00          	nop
1143   0476 00          	nop
1144   0477 00          	nop
1145   0478 00          	nop
1146   0479 00          	nop
1147   047A 00          	nop
1148   047B 00          	nop
1149   047C 00          	nop
1150   047D 00          	nop
1151   047E 00          	nop
1152   047F 00          	nop
1153   0480 00          	nop
1154   0481 00          	nop
1155   0482 00          	nop
1156   0483 00          	nop
1157   0484 00          	nop
1158   0485 00          	nop
1159   0486 00          	nop
1160   0487 00          	nop
1161   0488 00          	nop
1162   0489 00          	nop
1163   048A 00          	nop
1164   048B 00          	nop
1165   048C 00          	nop
1166   048D 00          	nop
1167   048E 00          	nop
1168   048F 00          	nop
1169   0490 00          	nop
1170   0491 00          	nop
1171   0492 00          	nop
1172   0493 00          	nop
1173   0494 00          	nop
1174   0495 00          	nop
1175   0496 00          	nop
1176   0497 00          	nop
1177   0498 00          	nop
1178   0499 00          	nop
1179   049A 00          	nop
1180   049B 00          	nop
1181   049C 00          	nop
1182   049D 00          	nop
1183   049E 00          	nop
1184   049F 00          	nop
1185   04A0 00          	nop
1186   04A1 00          	nop
1187   04A2 00          	nop
1188   04A3 00          	nop
1189   04A4 00          	nop
1190   04A5 00          	nop
1191   04A6 00          	nop
1192   04A7 00          	nop
1193   04A8 00          	nop
1194   04A9 00          	nop
1195   04AA 00          	nop
1196   04AB 00          	nop
1197   04AC 00          	nop
1198   04AD 00          	nop
1199   04AE 00          	nop
1200   04AF 00          	nop
1201   04B0 00          	nop
1202   04B1 00          	nop
1203   04B2 00          	nop
1204   04B3 00          	nop
1205   04B4 00          	nop
1206   04B5 00          	nop
1207   04B6 00          	nop
1208   04B7 00          	nop
1209   04B8 00          	nop
1210   04B9 00          	nop
1211   04BA 00          	nop
1212   04BB 00          	nop
1213   04BC 00          	nop
1214   04BD 00          	nop
1215   04BE 00          	nop
1216   04BF 00          	nop
1217   04C0 00          	nop
1218   04C1 00          	nop
1219   04C2 00          	nop
1220   04C3 00          	nop
1221   04C4 00          	nop
1222   04C5 00          	nop
1223   04C6 00          	nop
1224   04C7 00          	nop
1225   04C8 00          	nop
1226   04C9 00          	nop
1227   04CA 00          	nop
1228   04CB 00          	nop
1229   04CC 00          	nop
1230   04CD 00          	nop
1231   04CE 00          	nop
1232   04CF 00          	nop
1233   04D0 00          	nop
1234   04D1 00          	nop
1235   04D2 00          	nop
1236   04D3 00          	nop
1237   04D4 00          	nop
1238   04D5 00          	nop
1239   04D6 00          	nop
1240   04D7 00          	nop
1241   04D8 00          	nop
1242   04D9 00          	nop
1243   04DA 00          	nop
1244   04DB 00          	nop
1245   04DC 00          	nop
1246   04DD 00          	nop
1247   04DE 00          	nop
1248   04DF 00          	nop
1249   04E0 00          	nop
1250   04E1 00          	nop
1251   04E2 00          	nop
1252   04E3 00          	nop
1253   04E4 00          	nop
1254   04E5 00          	nop
1255   04E6 00          	nop
1256   04E7 00          	nop
1257   04E8 00          	nop
1258   04E9 00          	nop
1259   04EA 00          	nop
1260   04EB 00          	nop
1261   04EC 00          	nop
1262   04ED 00          	nop
1263   04EE 00          	nop
1264   04EF 00          	nop
1265   04F0 00          	nop
1266   04F1 00          	nop
1267   04F2 00          	nop
1268   04F3 00          	nop
1269   04F4 00          	nop
1270   04F5 00          	nop
1271   04F6 00          	nop
1272   04F7 00          	nop
1273   04F8 00          	nop
1274   04F9 00          	nop
1275   04FA 00          	nop
1276   04FB 00          	nop
1277   04FC 00          	nop
1278   04FD 00          	nop
1279   04FE 00          	nop
1280   04FF 00          	nop
1281   0500 00          	nop
1282   0501 00          	nop
1283   0502 00          	nop
1284   0503 00          	nop
1285   0504 00          	nop
1286   0505 00          	nop
1287   0506 00          	nop
1288   0507 00          	nop
1289   0508 00          	nop
1290   0509 00          	nop
1291   050A 00          	nop
1292   050B 00          	nop
1293   050C 00          	nop
1294   050D 00          	nop
1295   050E 00          	nop
1296   050F 00          	nop
1297   0510 00          	nop
1298   0511 00          	nop
1299   0512 00          	nop
1300   0513 00          	nop
1301   0514 00          	nop
1302   0515 00          	nop
1303   0516 00          	nop
1304   0517 00          	nop
1305   0518 00          	nop
1306   0519 00          	nop
1307   051A 00          	nop
1308   051B 00          	nop
1309   051C 00          	nop
1310   051D 00          	nop
1311   051E 00          	nop
1312   051F 00          	nop
1313   0520 00          	nop
1314   0521 00          	nop
1315   0522 00          	nop
1316   0523 00          	nop
1317   0524 00          	nop
1318   0525 00          	nop
1319   0526 00          	nop
1320   0527 00          	nop
1321   0528 00          	nop
1322   0529 00          	nop
1323   052A 00          	nop
1324   052B 00          	nop
1325   052C 00          	nop
1326   052D 00          	nop
1327   052E 00          	nop
1328   052F 00          	nop
1329   0530 00          	nop
1330   0531 00          	nop
1331   0532 00          	nop
1332   0533 00          	nop
1333   0534 00          	nop
1334   0535 00          	nop
1335   0536 00          	nop
1336   0537 00          	nop
1337   0538 00          	nop
1338   0539 00          	nop
1339   053A 00          	nop
1340   053B 00          	nop
1341   053C 00          	nop
1342   053D 00          	nop
1343   053E 00          	nop
1344   053F 00          	nop
1345   0540 00          	nop
1346   0541 00          	nop
1347   0542 00          	nop
1348   0543 00          	nop
1349   0544 00          	nop
1350   0545 00          	nop
1351   0546 00          	nop
1352   0547 00          	nop
1353   0548 00          	nop
1354   0549 00          	nop
1355   054A 00          	nop
1356   054B 00          	nop
1357   054C 00          	nop
1358   054D 00          	nop
1359   054E 00          	nop
1360   054F 00          	nop
1361   0550 00          	nop
1362   0551 00          	nop
1363   0552 00          	nop
1364   0553 00          	nop
1365   0554 00          	nop
1366   0555 00          	nop
1367   0556 00          	nop
1368   0557 00          	nop
1369   0558 00          	nop
1370   0559 00          	nop
1371   055A 00          	nop
1372   055B 00          	nop
1373   055C 00          	nop
1374   055D 00          	nop
1375   055E 00          	nop
1376   055F 00          	nop
1377   0560 00          	nop
1378   0561 00          	nop
1379   0562 00          	nop
1380   0563 00          	nop
1381   0564 00          	nop
1382   0565 00          	nop
1383   0566 00          	nop
1384   0567 00          	nop
1385   0568 00          	nop
1386   0569 00          	nop
1387   056A 00          	nop
1388   056B 00          	nop
1389   056C 00          	nop
1390   056D 00          	nop
1391   056E 00          	nop
1392   056F 00          	nop
1393   0570 00          	nop
1394   0571 00          	nop
1395   0572 00          	nop
1396   0573 00          	nop
1397   0574 00          	nop
1398   0575 00          	nop
1399   0576 00          	nop
1400   0577 00          	nop
1401   0578 00          	nop
1402   0579 00          	nop
1403   057A 00          	nop
1404   057B 00          	nop
1405   057C 00          	nop
1406   057D 00          	nop
1407   057E 00          	nop
1408   057F 00          	nop
1409   0580 00          	nop
1410   0581 00          	nop
1411   0582 00          	nop
1412   0583 00          	nop
1413   0584 00          	nop
1414   0585 00          	nop
1415   0586 00          	nop
1416   0587 00          	nop
1417   0588 00          	nop
1418   0589 00          	nop
1419   058A 00          	nop
1420   058B 00          	nop
1421   058C 00          	nop
1422   058D 00          	nop
1423   058E 00          	nop
1424   058F 00          	nop
1425   0590 00          	nop
1426   0591 00          	nop
1427   0592 00          	nop
1428   0593 00          	nop
1429   0594 00          	nop
1430   0595 00          	nop
1431   0596 00          	nop
1432   0597 00          	nop
1433   0598 00          	nop
1434   0599 00          	nop
1435   059A 00          	nop
1436   059B 00          	nop
1437   059C 00          	nop
1438   059D 00          	nop
1439   059E 00          	nop
1440   059F 00          	nop
1441   05A0 00          	nop
1442   05A1 00          	nop
1443   05A2 00          	nop
1444   05A3 00          	nop
1445   05A4 00          	nop
1446   05A5 00          	nop
1447   05A6 00          	nop
1448   05A7 00          	nop
1449   05A8 00          	nop
1450   05A9 00          	nop
1451   05AA 00          	nop
1452   05AB 00          	nop
1453   05AC 00          	nop
1454   05AD 00          	nop
1455   05AE 00          	nop
1456   05AF 00          	nop
1457   05B0 00          	nop
1458   05B1 00          	nop
1459   05B2 00          	nop
1460   05B3 00          	nop
1461   05B4 00          	nop
1462   05B5 00          	nop
1463   05B6 00          	nop
1464   05B7 00          	nop
1465   05B8 00          	nop
1466   05B9 00          	nop
1467   05BA 00          	nop
1468   05BB 00          	nop
1469   05BC 00          	nop
1470   05BD 00          	nop
1471   05BE 00          	nop
1472   05BF 00          	nop
1473   05C0 00          	nop
1474   05C1 00          	nop
1475   05C2 00          	nop
1476   05C3 00          	nop
1477   05C4 00          	nop
1478   05C5 00          	nop
1479   05C6 00          	nop
1480   05C7 00          	nop
1481   05C8 00          	nop
1482   05C9 00          	nop
1483   05CA 00          	nop
1484   05CB 00          	nop
1485   05CC 00          	nop
1486   05CD 00          	nop
1487   05CE 00          	nop
1488   05CF 00          	nop
1489   05D0 00          	nop
1490   05D1 00          	nop
1491   05D2 00          	nop
1492   05D3 00          	nop
1493   05D4 00          	nop
1494   05D5 00          	nop
1495   05D6 00          	nop
1496   05D7 00          	nop
1497   05D8 00          	nop
1498   05D9 00          	nop
1499   05DA 00          	nop
1500   05DB 00          	nop
1501   05DC 00          	nop
1502   05DD 00          	nop
1503   05DE 00          	nop
1504   05DF 00          	nop
1505   05E0 00          	nop
1506   05E1 00          	nop
1507   05E2 00          	nop
1508   05E3 00          	nop
1509   05E4 00          	nop
1510   05E5 00          	nop
1511   05E6 00          	nop
1512   05E7 00          	nop
1513   05E8 00          	nop
1514   05E9 00          	nop
1515   05EA 00          	nop
1516   05EB 00          	nop
1517   05EC 00          	nop
1518   05ED 00          	nop
1519   05EE 00          	nop
1520   05EF 00          	nop
1521   05F0 00          	nop
1522   05F1 00          	nop
1523   05F2 00          	nop
1524   05F3 00          	nop
1525   05F4 00          	nop
1526   05F5 00          	nop
1527   05F6 00          	nop
1528   05F7 00          	nop
1529   05F8 00          	nop
1530   05F9 00          	nop
1531   05FA 00          	nop
1532   05FB 00          	nop
1533   05FC 00          	nop
1534   05FD 00          	nop
1535   05FE 00          	nop
1536   05FF 00          	nop
1537   0600 00          	nop
1538   0601 00          	nop
1539   0602 00          	nop
1540   0603 00          	nop
1541   0604 00          	nop
1542   0605 00          	nop
1543   0606 00          	nop
1544   0607 00          	nop
1545   0608 00          	nop
1546   0609 00          	nop
1547   060A 00          	nop
1548   060B 00          	nop
1549   060C 00          	nop
1550   060D 00          	nop
1551   060E 00          	nop
1552   060F 00          	nop
1553   0610 00          	nop
1554   0611 00          	nop
1555   0612 00          	nop
1556   0613 00          	nop
1557   0614 00          	nop
1558   0615 00          	nop
1559   0616 00          	nop
1560   0617 00          	nop
1561   0618 00          	nop
1562   0619 00          	nop
1563   061A 00          	nop
1564   061B 00          	nop
1565   061C 00          	nop
1566   061D 00          	nop
1567   061E 00          	nop
1568   061F 00          	nop
1569   0620 00          	nop
1570   0621 00          	nop
1571   0622 00          	nop
1572   0623 00          	nop
1573   0624 00          	nop
1574   0625 00          	nop
1575   0626 00          	nop
1576   0627 00          	nop
1577   0628 00          	nop
1578   0629 00          	nop
1579   062A 00          	nop
1580   062B 00          	nop
1581   062C 00          	nop
1582   062D 00          	nop
1583   062E 00          	nop
1584   062F 00          	nop
1585   0630 00          	nop
1586   0631 00          	nop
1587   0632 00          	nop
1588   0633 00          	nop
1589   0634 00          	nop
1590   0635 00          	nop
1591   0636 00          	nop
1592   0637 00          	nop
1593   0638 00          	nop
1594   0639 00          	nop
1595   063A 00          	nop
1596   063B 00          	nop
1597   063C 00          	nop
1598   063D 00          	nop
1599   063E 00          	nop
1600   063F 00          	nop
1601   0640 00          	nop
1602   0641 00          	nop
1603   0642 00          	nop
1604   0643 00          	nop
1605   0644 00          	nop
1606   0645 00          	nop
1607   0646 00          	nop
1608   0647 00          	nop
1609   0648 00          	nop
1610   0649 00          	nop
1611   064A 00          	nop
1612   064B 00          	nop
1613   064C 00          	nop
1614   064D 00          	nop
1615   064E 00          	nop
1616   064F 00          	nop
1617   0650 00          	nop
1618   0651 00          	nop
1619   0652 00          	nop
1620   0653 00          	nop
1621   0654 00          	nop
1622   0655 00          	nop
1623   0656 00          	nop
1624   0657 00          	nop
1625   0658 00          	nop
1626   0659 00          	nop
1627   065A 00          	nop
1628   065B 00          	nop
1629   065C 00          	nop
1630   065D 00          	nop
1631   065E 00          	nop
1632   065F 00          	nop
1633   0660 00          	nop
1634   0661 00          	nop
1635   0662 00          	nop
1636   0663 00          	nop
1637   0664 00          	nop
1638   0665 00          	nop
1639   0666 00          	nop
1640   0667 00          	nop
1641   0668 00          	nop
1642   0669 00          	nop
1643   066A 00          	nop
1644   066B 00          	nop
1645   066C 00          	nop
1646   066D 00          	nop
1647   066E 00          	nop
1648   066F 00          	nop
1649   0670 00          	nop
1650   0671 00          	nop
1651   0672 00          	nop
1652   0673 00          	nop
1653   0674 00          	nop
1654   0675 00          	nop
1655   0676 00          	nop
1656   0677 00          	nop
1657   0678 00          	nop
1658   0679 00          	nop
1659   067A 00          	nop
1660   067B 00          	nop
1661   067C 00          	nop
1662   067D 00          	nop
1663   067E 00          	nop
1664   067F 00          	nop
1665   0680 00          	nop
1666   0681 00          	nop
1667   0682 00          	nop
1668   0683 00          	nop
1669   0684 00          	nop
1670   0685 00          	nop
1671   0686 00          	nop
1672   0687 00          	nop
1673   0688 00          	nop
1674   0689 00          	nop
1675   068A 00          	nop
1676   068B 00          	nop
1677   068C 00          	nop
1678   068D 00          	nop
1679   068E 00          	nop
1680   068F 00          	nop
1681   0690 00          	nop
1682   0691 00          	nop
1683   0692 00          	nop
1684   0693 00          	nop
1685   0694 00          	nop
1686   0695 00          	nop
1687   0696 00          	nop
1688   0697 00          	nop
1689   0698 00          	nop
1690   0699 00          	nop
1691   069A 00          	nop
1692   069B 00          	nop
1693   069C 00          	nop
1694   069D 00          	nop
1695   069E 00          	nop
1696   069F 00          	nop
1697   06A0 00          	nop
1698   06A1 00          	nop
1699   06A2 00          	nop
1700   06A3 00          	nop
1701   06A4 00          	nop
1702   06A5 00          	nop
1703   06A6 00          	nop
1704   06A7 00          	nop
1705   06A8 00          	nop
1706   06A9 00          	nop
1707   06AA 00          	nop
1708   06AB 00          	nop
1709   06AC 00          	nop
1710   06AD 00          	nop
1711   06AE 00          	nop
1712   06AF 00          	nop
1713   06B0 00          	nop
1714   06B1 00          	nop
1715   06B2 00          	nop
1716   06B3 00          	nop
1717   06B4 00          	nop
1718   06B5 00          	nop
1719   06B6 00          	nop
1720   06B7 00          	nop
1721   06B8 00          	nop
1722   06B9 00          	nop
1723   06BA 00          	nop
1724   06BB 00          	nop
1725   06BC 00          	nop
1726   06BD 00          	nop
1727   06BE 00          	nop
1728   06BF 00          	nop
1729   06C0 00          	nop
1730   06C1 00          	nop
1731   06C2 00          	nop
1732   06C3 00          	nop
1733   06C4 00          	nop
1734   06C5 00          	nop
1735   06C6 00          	nop
1736   06C7 00          	nop
1737   06C8 00          	nop
1738   06C9 00          	nop
1739   06CA 00          	nop
1740   06CB 00          	nop
1741   06CC 00          	nop
1742   06CD 00          	nop
1743   06CE 00          	nop
1744   06CF 00          	nop
1745   06D0 00          	nop
1746   06D1 00          	nop
1747   06D2 00          	nop
1748   06D3 00          	nop
1749   06D4 00          	nop
1750   06D5 00          	nop
1751   06D6 00          	nop
1752   06D7 00          	nop
1753   06D8 00          	nop
1754   06D9 00          	nop
1755   06DA 00          	nop
1756   06DB 00          	nop
1757   06DC 00          	nop
1758   06DD 00          	nop
1759   06DE 00          	nop
1760   06DF 00          	nop
1761   06E0 00          	nop
1762   06E1 00          	nop
1763   06E2 00          	nop
1764   06E3 00          	nop
1765   06E4 00          	nop
1766   06E5 00          	nop
1767   06E6 00          	nop
1768   06E7 00          	nop
1769   06E8 00          	nop
1770   06E9 00          	nop
1771   06EA 00          	nop
1772   06EB 00          	nop
1773   06EC 00          	nop
1774   06ED 00          	nop
1775   06EE 00          	nop
1776   06EF 00          	nop
1777   06F0 00          	nop
1778   06F1 00          	nop
1779   06F2 00          	nop
1780   06F3 00          	nop
1781   06F4 00          	nop
1782   06F5 00          	nop
1783   06F6 00          	nop
1784   06F7 00          	nop
1785   06F8 00          	nop
1786   06F9 00          	nop
1787   06FA 00          	nop
1788   06FB 00          	nop
1789   06FC 00          	nop
1790   06FD 00          	nop
1791   06FE 00          	nop
1792   06FF 00          	nop
1793   0700 00          	nop
1794   0701 00          	nop
1795   0702 00          	nop
1796   0703 00          	nop
1797   0704 00          	nop
1798   0705 00          	nop
1799   0706 00          	nop
1800   0707 00          	nop
1801   0708 00          	nop
1802   0709 00          	nop
1803   070A 00          	nop
1804   070B 00          	nop
1805   070C 00          	nop
1806   070D 00          	nop
1807   070E 00          	nop
1808   070F 00          	nop
1809   0710 00          	nop
1810   0711 00          	nop
1811   0712 00          	nop
1812   0713 00          	nop
1813   0714 00          	nop
1814   0715 00          	nop
1815   0716 00          	nop
1816   0717 00          	nop
1817   0718 00          	nop
1818   0719 00          	nop
1819   071A 00          	nop
1820   071B 00          	nop
1821   071C 00          	nop
1822   071D 00          	nop
1823   071E 00          	nop
1824   071F 00          	nop
1825   0720 00          	nop
1826   0721 00          	nop
1827   0722 00          	nop
1828   0723 00          	nop
1829   0724 00          	nop
1830   0725 00          	nop
1831   0726 00          	nop
1832   0727 00          	nop
1833   0728 00          	nop
1834   0729 00          	nop
1835   072A 00          	nop
1836   072B 00          	nop
1837   072C 00          	nop
1838   072D 00          	nop
1839   072E 00          	nop
1840   072F 00          	nop
1841   0730 00          	nop
1842   0731 00          	nop
1843   0732 00          	nop
1844   0733 00          	nop
1845   0734 00          	nop
1846   0735 00          	nop
1847   0736 00          	nop
1848   0737 00          	nop
1849   0738 00          	nop
1850   0739 00          	nop
1851   073A 00          	nop
1852   073B 00          	nop
1853   073C 00          	nop
1854   073D 00          	nop
1855   073E 00          	nop
1856   073F 00          	nop
1857   0740 00          	nop
1858   0741 00          	nop
1859   0742 00          	nop
1860   0743 00          	nop
1861   0744 00          	nop
1862   0745 00          	nop
1863   0746 00          	nop
1864   0747 00          	nop
1865   0748 00          	nop
1866   0749 00          	nop
1867   074A 00          	nop
1868   074B 00          	nop
1869   074C 00          	nop
1870   074D 00          	nop
1871   074E 00          	nop
1872   074F 00          	nop
1873   0750 00          	nop
1874   0751 00          	nop
1875   0752 00          	nop
1876   0753 00          	nop
1877   0754 00          	nop
1878   0755 00          	nop
1879   0756 00          	nop
1880   0757 00          	nop
1881   0758 00          	nop
1882   0759 00          	nop
1883   075A 00          	nop
1884   075B 00          	nop
1885   075C 00          	nop
1886   075D 00          	nop
1887   075E 00          	nop
1888   075F 00          	nop
1889   0760 00          	nop
1890   0761 00          	nop
1891   0762 00          	nop
1892   0763 00          	nop
1893   0764 00          	nop
1894   0765 00          	nop
1895   0766 00          	nop
1896   0767 00          	nop
1897   0768 00          	nop
1898   0769 00          	nop
1899   076A 00          	nop
1900   076B 00          	nop
1901   076C 00          	nop
1902   076D 00          	nop
1903   076E 00          	nop
1904   076F 00          	nop
1905   0770 00          	nop
1906   0771 00          	nop
1907   0772 00          	nop
1908   0773 00          	nop
1909   0774 00          	nop
1910   0775 00          	nop
1911   0776 00          	nop
1912   0777 00          	nop
1913   0778 00          	nop
1914   0779 00          	nop
1915   077A 00          	nop
1916   077B 00          	nop
1917   077C 00          	nop
1918   077D 00          	nop
1919   077E 00          	nop
1920   077F 00          	nop
1921   0780 00          	nop
1922   0781 00          	nop
1923   0782 00          	nop
1924   0783 00          	nop
1925   0784 00          	nop
1926   0785 00          	nop
1927   0786 00          	nop
1928   0787 00          	nop
1929   0788 00          	nop
1930   0789 00          	nop
1931   078A 00          	nop
1932   078B 00          	nop
1933   078C 00          	nop
1934   078D 00          	nop
1935   078E 00          	nop
1936   078F 00          	nop
1937   0790 00          	nop
1938   0791 00          	nop
1939   0792 00          	nop
1940   0793 00          	nop
1941   0794 00          	nop
1942   0795 00          	nop
1943   0796 00          	nop
1944   0797 00          	nop
1945   0798 00          	nop
1946   0799 00          	nop
1947   079A 00          	nop
1948   079B 00          	nop
1949   079C 00          	nop
1950   079D 00          	nop
1951   079E 00          	nop
1952   079F 00          	nop
1953   07A0 00          	nop
1954   07A1 00          	nop
1955   07A2 00          	nop
1956   07A3 00          	nop
1957   07A4 00          	nop
1958   07A5 00          	nop
1959   07A6 00          	nop
1960   07A7 00          	nop
1961   07A8 00          	nop
1962   07A9 00          	nop
1963   07AA 00          	nop
1964   07AB 00          	nop
1965   07AC 00          	nop
1966   07AD 00          	nop
1967   07AE 00          	nop
1968   07AF 00          	nop
1969   07B0 00          	nop
1970   07B1 00          	nop
1971   07B2 00          	nop
1972   07B3 00          	nop
1973   07B4 00          	nop
1974   07B5 00          	nop
1975   07B6 00          	nop
1976   07B7 00          	nop
1977   07B8 00          	nop
1978   07B9 00          	nop
1979   07BA 00          	nop
1980   07BB 00          	nop
1981   07BC 00          	nop
1982   07BD 00          	nop
1983   07BE 00          	nop
1984   07BF 00          	nop
1985   07C0 00          	nop
1986   07C1 00          	nop
1987   07C2 00          	nop
1988   07C3 00          	nop
1989   07C4 00          	nop
1990   07C5 00          	nop
1991   07C6 00          	nop
1992   07C7 00          	nop
1993   07C8 00          	nop
1994   07C9 00          	nop
1995   07CA 00          	nop
1996   07CB 00          	nop
1997   07CC 00          	nop
1998   07CD 00          	nop
1999   07CE 00          	nop
2000   07CF 00          	nop
2001   07D0 00          	nop
2002   07D1 00          	nop
2003   07D2 00          	nop
2004   07D3 00          	nop
2005   07D4 00          	nop
2006   07D5 00          	nop
2007   07D6 00          	nop
2008   07D7 00          	nop
2009   07D8 00          	nop
2010   07D9 00          	nop
2011   07DA 00          	nop
2012   07DB 00          	nop
2013   07DC 00          	nop
2014   07DD 00          	nop
2015   07DE 00          	nop
2016   07DF 00          	nop
2017   07E0 00          	nop
2018   07E1 00          	nop
2019   07E2 00          	nop
2020   07E3 00          	nop
2021   07E4 00          	nop
2022   07E5 00          	nop
2023   07E6 00          	nop
2024   07E7 00          	nop
2025   07E8 00          	nop
2026   07E9 00          	nop
2027   07EA 00          	nop
2028   07EB 00          	nop
2029   07EC 00          	nop
2030   07ED 00          	nop
2031   07EE 00          	nop
2032   07EF 00          	nop
2033   07F0 00          	nop
2034   07F1 00          	nop
2035   07F2 00          	nop
2036   07F3 00          	nop
2037   07F4 00          	nop
2038   07F5 00          	nop
2039   07F6 00          	nop
2040   07F7 00          	nop
2041   07F8 00          	nop
2042   07F9 00          	nop
2043   07FA 00          	nop
2044   07FB 00          	nop
2045   07FC 00          	nop
2046   07FD 00          	nop
2047   07FE 00          	nop
2048   07FF 00          	nop
2049   0800 00          	nop
2050   0801 00          	nop
2051   0802 00          	nop
2052   0803 00          	nop
2053   0804 00          	nop
2054   0805 00          	nop
2055   0806 00          	nop
2056   0807 00          	nop
2057   0808 00          	nop
2058   0809 00          	nop
2059   080A 00          	nop
2060   080B 00          	nop
2061   080C 00          	nop
2062   080D 00          	nop
2063   080E 00          	nop
2064   080F 00          	nop
2065   0810 00          	nop
2066   0811 00          	nop
2067   0812 00          	nop
2068   0813 00          	nop
2069   0814 00          	nop
2070   0815 00          	nop
2071   0816 00          	nop
2072   0817 00          	nop
2073   0818 00          	nop
2074   0819 00          	nop
2075   081A 00          	nop
2076   081B 00          	nop
2077   081C 00          	nop
2078   081D 00          	nop
2079   081E 00          	nop
2080   081F 00          	nop
2081   0820 00          	nop
2082   0821 00          	nop
2083   0822 00          	nop
2084   0823 00          	nop
2085   0824 00          	nop
2086   0825 00          	nop
2087   0826 00          	nop
2088   0827 00          	nop
2089   0828 00          	nop
2090   0829 00          	nop
2091   082A 00          	nop
2092   082B 00          	nop
2093   082C 00          	nop
2094   082D 00          	nop
2095   082E 00          	nop
2096   082F 00          	nop
2097   0830 00          	nop
2098   0831 00          	nop
2099   0832 00          	nop
2100   0833 00          	nop
2101   0834 00          	nop
2102   0835 00          	nop
2103   0836 00          	nop
2104   0837 00          	nop
2105   0838 00          	nop
2106   0839 00          	nop
2107   083A 00          	nop
2108   083B 00          	nop
2109   083C 00          	nop
2110   083D 00          	nop
2111   083E 00          	nop
2112   083F 00          	nop
2113   0840 00          	nop
2114   0841 00          	nop
2115   0842 00          	nop
2116   0843 00          	nop
2117   0844 00          	nop
2118   0845 00          	nop
2119   0846 00          	nop
2120   0847 00          	nop
2121   0848 00          	nop
2122   0849 00          	nop
2123   084A 00          	nop
2124   084B 00          	nop
2125   084C 00          	nop
2126   084D 00          	nop
2127   084E 00          	nop
2128   084F 00          	nop
2129   0850 00          	nop
2130   0851 00          	nop
2131   0852 00          	nop
2132   0853 00          	nop
2133   0854 00          	nop
2134   0855 00          	nop
2135   0856 00          	nop
2136   0857 00          	nop
2137   0858 00          	nop
2138   0859 00          	nop
2139   085A 00          	nop
2140   085B 00          	nop
2141   085C 00          	nop
2142   085D 00          	nop
2143   085E 00          	nop
2144   085F 00          	nop
2145   0860 00          	nop
2146   0861 00          	nop
2147   0862 00          	nop
2148   0863 00          	nop
2149   0864 00          	nop
2150   0865 00          	nop
2151   0866 00          	nop
2152   0867 00          	nop
2153   0868 00          	nop
2154   0869 00          	nop
2155   086A 00          	nop
2156   086B 00          	nop
2157   086C 00          	nop
2158   086D 00          	nop
2159   086E 00          	nop
2160   086F 00          	nop
2161   0870 00          	nop
2162   0871 00          	nop
2163   0872 00          	nop
2164   0873 00          	nop
2165   0874 00          	nop
2166   0875 00          	nop
2167   0876 00          	nop
2168   0877 00          	nop
2169   0878 00          	nop
2170   0879 00          	nop
2171   087A 00          	nop
2172   087B 00          	nop
2173   087C 00          	nop
2174   087D 00          	nop
2175   087E 00          	nop
2176   087F 00          	nop
2177   0880 00          	nop
2178   0881 00          	nop
2179   0882 00          	nop
2180   0883 00          	nop
2181   0884 00          	nop
2182   0885 00          	nop
2183   0886 00          	nop
2184   0887 00          	nop
2185   0888 00          	nop
2186   0889 00          	nop
2187   088A 00          	nop
2188   088B 00          	nop
2189   088C 00          	nop
2190   088D 00          	nop
2191   088E 00          	nop
2192   088F 00          	nop
2193   0890 00          	nop
2194   0891 00          	nop
2195   0892 00          	nop
2196   0893 00          	nop
2197   0894 00          	nop
2198   0895 00          	nop
2199   0896 00          	nop
2200   0897 00          	nop
2201   0898 00          	nop
2202   0899 00          	nop
2203   089A 00          	nop
2204   089B 00          	nop
2205   089C 00          	nop
2206   089D 00          	nop
2207   089E 00          	nop
2208   089F 00          	nop
2209   08A0 00          	nop
2210   08A1 00          	nop
2211   08A2 00          	nop
2212   08A3 00          	nop
2213   08A4 00          	nop
2214   08A5 00          	nop
2215   08A6 00          	nop
2216   08A7 00          	nop
2217   08A8 00          	nop
2218   08A9 00          	nop
2219   08AA 00          	nop
2220   08AB 00          	nop
2221   08AC 00          	nop
2222   08AD 00          	nop
2223   08AE 00          	nop
2224   08AF 00          	nop
2225   08B0 00          	nop
2226   08B1 00          	nop
2227   08B2 00          	nop
2228   08B3 00          	nop
2229   08B4 00          	nop
2230   08B5 00          	nop
2231   08B6 00          	nop
2232   08B7 00          	nop
2233   08B8 00          	nop
2234   08B9 00          	nop
2235   08BA 00          	nop
2236   08BB 00          	nop
2237   08BC 00          	nop
2238   08BD 00          	nop
2239   08BE 00          	nop
2240   08BF 00          	nop
2241   08C0 00          	nop
2242   08C1 00          	nop
2243   08C2 00          	nop
2244   08C3 00          	nop
2245   08C4 00          	nop
2246   08C5 00          	nop
2247   08C6 00          	nop
2248   08C7 00          	nop
2249   08C8 00          	nop
2250   08C9 00          	nop
2251   08CA 00          	nop
2252   08CB 00          	nop
2253   08CC 00          	nop
2254   08CD 00          	nop
2255   08CE 00          	nop
2256   08CF 00          	nop
2257   08D0 00          	nop
2258   08D1 00          	nop
2259   08D2 00          	nop
2260   08D3 00          	nop
2261   08D4 00          	nop
2262   08D5 00          	nop
2263   08D6 00          	nop
2264   08D7 00          	nop
2265   08D8 00          	nop
2266   08D9 00          	nop
2267   08DA 00          	nop
2268   08DB 00          	nop
2269   08DC 00          	nop
2270   08DD 00          	nop
2271   08DE 00          	nop
2272   08DF 00          	nop
2273   08E0 00          	nop
2274   08E1 00          	nop
2275   08E2 00          	nop
2276   08E3 00          	nop
2277   08E4 00          	nop
2278   08E5 00          	nop
2279   08E6 00          	nop
2280   08E7 00          	nop
2281   08E8 00          	nop
2282   08E9 00          	nop
2283   08EA 00          	nop
2284   08EB 00          	nop
2285   08EC 00          	nop
2286   08ED 00          	nop
2287   08EE 00          	nop
2288   08EF 00          	nop
2289   08F0 00          	nop
2290   08F1 00          	nop
2291   08F2 00          	nop
2292   08F3 00          	nop
2293   08F4 00          	nop
2294   08F5 00          	nop
2295   08F6 00          	nop
2296   08F7 00          	nop
2297   08F8 00          	nop
2298   08F9 00          	nop
2299   08FA 00          	nop
2300   08FB 00          	nop
2301   08FC 00          	nop
2302   08FD 00          	nop
2303   08FE 00          	nop
2304   08FF 00          	nop
2305   0900 00          	nop
2306   0901 00          	nop
2307   0902 00          	nop
2308   0903 00          	nop
2309   0904 00          	nop
2310   0905 00          	nop
2311   0906 00          	nop
2312   0907 00          	nop
2313   0908 00          	nop
2314   0909 00          	nop
2315   090A 00          	nop
2316   090B 00          	nop
2317   090C 00          	nop
2318   090D 00          	nop
2319   090E 00          	nop
2320   090F 00          	nop
2321   0910 00          	nop
2322   0911 00          	nop
2323   0912 00          	nop
2324   0913 00          	nop
2325   0914 00          	nop
2326   0915 00          	nop
2327   0916 00          	nop
2328   0917 00          	nop
2329   0918 00          	nop
2330   0919 00          	nop
2331   091A 00          	nop
2332   091B 00          	nop
2333   091C 00          	nop
2334   091D 00          	nop
2335   091E 00          	nop
2336   091F 00          	nop
2337   0920 00          	nop
2338   0921 00          	nop
2339   0922 00          	nop
2340   0923 00          	nop
2341   0924 00          	nop
2342   0925 00          	nop
2343   0926 00          	nop
2344   0927 00          	nop
2345   0928 00          	nop
2346   0929 00          	nop
2347   092A 00          	nop
2348   092B 00          	nop
2349   092C 00          	nop
2350   092D 00          	nop
2351   092E 00          	nop
2352   092F 00          	nop
2353   0930 00          	nop
2354   0931 00          	nop
2355   0932 00          	nop
2356   0933 00          	nop
2357   0934 00          	nop
2358   0935 00          	nop
2359   0936 00          	nop
2360   0937 00          	nop
2361   0938 00          	nop
2362   0939 00          	nop
2363   093A 00          	nop
2364   093B 00          	nop
2365   093C 00          	nop
2366   093D 00          	nop
2367   093E 00          	nop
2368   093F 00          	nop
2369   0940 00          	nop
2370   0941 00          	nop
2371   0942 00          	nop
2372   0943 00          	nop
2373   0944 00          	nop
2374   0945 00          	nop
2375   0946 00          	nop
2376   0947 00          	nop
2377   0948 00          	nop
2378   0949 00          	nop
2379   094A 00          	nop
2380   094B 00          	nop
2381   094C 00          	nop
2382   094D 00          	nop
2383   094E 00          	nop
2384   094F 00          	nop
2385   0950 00          	nop
2386   0951 00          	nop
2387   0952 00          	nop
2388   0953 00          	nop
2389   0954 00          	nop
2390   0955 00          	nop
2391   0956 00          	nop
2392   0957 00          	nop
2393   0958 00          	nop
2394   0959 00          	nop
2395   095A 00          	nop
2396   095B 00          	nop
2397   095C 00          	nop
2398   095D 00          	nop
2399   095E 00          	nop
2400   095F 00          	nop
2401   0960 00          	nop
2402   0961 00          	nop
2403   0962 00          	nop
2404   0963 00          	nop
2405   0964 00          	nop
2406   0965 00          	nop
2407   0966 C3 00 00    	jp start
2408   0969             
Number of errors = 0
